interactions:
- request:
    body: '{}'
    headers:
      Accept:
      - '*/*'
      Accept-Encoding:
      - gzip, deflate
      Connection:
      - keep-alive
      Content-Length:
      - '2'
      Content-Type:
      - application/json
      User-Agent:
      - python-requests/2.32.3
    method: GET
    uri: https://api.hetzner.cloud/v1/zones/devcoop.de
  response:
    body:
      string: "{\n    \"zone\": {\n        \"id\": 53091,\n        \"name\": \"devcoop.de\",\n
        \       \"mode\": \"primary\",\n        \"ttl\": 86400,\n        \"labels\":
        {},\n        \"primary_nameservers\": [],\n        \"created\": \"2025-10-28T13:34:24Z\",\n
        \       \"protection\": {\n            \"delete\": false\n        },\n        \"status\":
        \"updating\",\n        \"authoritative_nameservers\": {\n            \"assigned\":
        [\n                \"hydrogen.ns.hetzner.com.\",\n                \"oxygen.ns.hetzner.com.\",\n
        \               \"helium.ns.hetzner.de.\"\n            ],\n            \"delegated\":
        [\n                \"helium.ns.hetzner.de.\",\n                \"hydrogen.ns.hetzner.com.\",\n
        \               \"oxygen.ns.hetzner.com.\"\n            ],\n            \"delegation_last_check\":
        \"2025-10-28T13:34:54Z\",\n            \"delegation_status\": \"valid\"\n
        \       },\n        \"record_count\": 24,\n        \"registrar\": \"hetzner\"\n
        \   }\n}"
    headers:
      Access-Control-Allow-Headers:
      - X-Requested-With,Authorization,Content-Type
      Access-Control-Allow-Methods:
      - OPTIONS,GET,POST,PUT,PATCH,DELETE
      Access-Control-Allow-Origin:
      - '*'
      Access-Control-Expose-Headers:
      - Link,X-Correlation-ID
      Access-Control-Max-Age:
      - '86400'
      Connection:
      - keep-alive
      Content-Type:
      - application/json
      Date:
      - Wed, 05 Nov 2025 10:04:01 GMT
      Strict-Transport-Security:
      - max-age=31536000; includeSubDomains
      Traceparent:
      - 00-8873d9ba74d6568a1d06f125ce07016a-28cd8a59b1486e89-01
      Transfer-Encoding:
      - chunked
      Uber-Trace-Id:
      - 8873d9ba74d6568a1d06f125ce07016a:28cd8a59b1486e89:0:1
      Vary:
      - Accept-Encoding
      X-Correlation-Id:
      - 8873d9ba74d6568a1d06f125ce07016a
      content-length:
      - '862'
      ratelimit-limit:
      - '3600'
      ratelimit-remaining:
      - '3530'
      ratelimit-reset:
      - '1762337110'
    status:
      code: 200
      message: OK
- request:
    body: '{}'
    headers:
      Accept:
      - '*/*'
      Accept-Encoding:
      - gzip, deflate
      Connection:
      - keep-alive
      Content-Length:
      - '2'
      Content-Type:
      - application/json
      User-Agent:
      - python-requests/2.32.3
    method: GET
    uri: https://api.hetzner.cloud/v1/zones/53091/rrsets
  response:
    body:
      string: "{\n    \"meta\": {\n        \"pagination\": {\n            \"last_page\":
        1,\n            \"next_page\": null,\n            \"page\": 1,\n            \"per_page\":
        25,\n            \"previous_page\": null,\n            \"total_entries\":
        20\n        }\n    },\n    \"rrsets\": [\n        {\n            \"id\": \"@/NS\",\n
        \           \"name\": \"@\",\n            \"type\": \"NS\",\n            \"ttl\":
        null,\n            \"labels\": {},\n            \"protection\": {\n                \"change\":
        false\n            },\n            \"records\": [\n                {\n                    \"value\":
        \"helium.ns.hetzner.de.\",\n                    \"comment\": \"\"\n                },\n
        \               {\n                    \"value\": \"hydrogen.ns.hetzner.com.\",\n
        \                   \"comment\": \"\"\n                },\n                {\n
        \                   \"value\": \"oxygen.ns.hetzner.com.\",\n                    \"comment\":
        \"\"\n                }\n            ],\n            \"zone\": 53091\n        },\n
        \       {\n            \"id\": \"@/SOA\",\n            \"name\": \"@\",\n
        \           \"type\": \"SOA\",\n            \"ttl\": null,\n            \"labels\":
        {},\n            \"protection\": {\n                \"change\": false\n            },\n
        \           \"records\": [\n                {\n                    \"value\":
        \"hydrogen.ns.hetzner.com. dns.hetzner.com. 2025110629 86400 10800 3600000
        3600\",\n                    \"comment\": \"\"\n                }\n            ],\n
        \           \"zone\": 53091\n        },\n        {\n            \"id\": \"osm.service.linke.projects/AAAA\",\n
        \           \"name\": \"osm.service.linke.projects\",\n            \"type\":
        \"AAAA\",\n            \"ttl\": 1800,\n            \"labels\": {},\n            \"protection\":
        {\n                \"change\": false\n            },\n            \"records\":
        [\n                {\n                    \"value\": \"2a01:4f8:1c1c:4181::1\",\n
        \                   \"comment\": \"\"\n                }\n            ],\n
        \           \"zone\": 53091\n        },\n        {\n            \"id\": \"osm.service.linke.projects/A\",\n
        \           \"name\": \"osm.service.linke.projects\",\n            \"type\":
        \"A\",\n            \"ttl\": 1800,\n            \"labels\": {},\n            \"protection\":
        {\n                \"change\": false\n            },\n            \"records\":
        [\n                {\n                    \"value\": \"195.201.131.78\",\n
        \                   \"comment\": \"\"\n                }\n            ],\n
        \           \"zone\": 53091\n        },\n        {\n            \"id\": \"nominatim/AAAA\",\n
        \           \"name\": \"nominatim\",\n            \"type\": \"AAAA\",\n            \"ttl\":
        3600,\n            \"labels\": {},\n            \"protection\": {\n                \"change\":
        false\n            },\n            \"records\": [\n                {\n                    \"value\":
        \"2a01:4f8:c012:9603::1\",\n                    \"comment\": \"\"\n                }\n
        \           ],\n            \"zone\": 53091\n        },\n        {\n            \"id\":
        \"nominatim/A\",\n            \"name\": \"nominatim\",\n            \"type\":
        \"A\",\n            \"ttl\": 3600,\n            \"labels\": {},\n            \"protection\":
        {\n                \"change\": false\n            },\n            \"records\":
        [\n                {\n                    \"value\": \"128.140.58.208\",\n
        \                   \"comment\": \"\"\n                }\n            ],\n
        \           \"zone\": 53091\n        },\n        {\n            \"id\": \"localhost/A\",\n
        \           \"name\": \"localhost\",\n            \"type\": \"A\",\n            \"ttl\":
        3600,\n            \"labels\": {},\n            \"protection\": {\n                \"change\":
        false\n            },\n            \"records\": [\n                {\n                    \"value\":
        \"127.0.0.1\",\n                    \"comment\": \"\"\n                }\n
        \           ],\n            \"zone\": 53091\n        },\n        {\n            \"id\":
        \"docs/CNAME\",\n            \"name\": \"docs\",\n            \"type\": \"CNAME\",\n
        \           \"ttl\": 3600,\n            \"labels\": {},\n            \"protection\":
        {\n                \"change\": false\n            },\n            \"records\":
        [\n                {\n                    \"value\": \"docs.example.com\",\n
        \                   \"comment\": \"\"\n                }\n            ],\n
        \           \"zone\": 53091\n        },\n        {\n            \"id\": \"_acme-challenge.fqdn/TXT\",\n
        \           \"name\": \"_acme-challenge.fqdn\",\n            \"type\": \"TXT\",\n
        \           \"ttl\": 3600,\n            \"labels\": {},\n            \"protection\":
        {\n                \"change\": false\n            },\n            \"records\":
        [\n                {\n                    \"value\": \"\\\"challengetoken\\\"\",\n
        \                   \"comment\": \"\"\n                }\n            ],\n
        \           \"zone\": 53091\n        },\n        {\n            \"id\": \"_acme-challenge.full/TXT\",\n
        \           \"name\": \"_acme-challenge.full\",\n            \"type\": \"TXT\",\n
        \           \"ttl\": 3600,\n            \"labels\": {},\n            \"protection\":
        {\n                \"change\": false\n            },\n            \"records\":
        [\n                {\n                    \"value\": \"\\\"challengetoken\\\"\",\n
        \                   \"comment\": \"\"\n                }\n            ],\n
        \           \"zone\": 53091\n        },\n        {\n            \"id\": \"_acme-challenge.test/TXT\",\n
        \           \"name\": \"_acme-challenge.test\",\n            \"type\": \"TXT\",\n
        \           \"ttl\": 3600,\n            \"labels\": {},\n            \"protection\":
        {\n                \"change\": false\n            },\n            \"records\":
        [\n                {\n                    \"value\": \"\\\"challengetoken\\\"\",\n
        \                   \"comment\": \"\"\n                }\n            ],\n
        \           \"zone\": 53091\n        },\n        {\n            \"id\": \"_acme-challenge.createrecordset/TXT\",\n
        \           \"name\": \"_acme-challenge.createrecordset\",\n            \"type\":
        \"TXT\",\n            \"ttl\": 3600,\n            \"labels\": {},\n            \"protection\":
        {\n                \"change\": false\n            },\n            \"records\":
        [\n                {\n                    \"value\": \"\\\"challengetoken1\\\"\",\n
        \                   \"comment\": \"\"\n                },\n                {\n
        \                   \"value\": \"\\\"challengetoken2\\\"\",\n                    \"comment\":
        \"\"\n                }\n            ],\n            \"zone\": 53091\n        },\n
        \       {\n            \"id\": \"_acme-challenge.noop/TXT\",\n            \"name\":
        \"_acme-challenge.noop\",\n            \"type\": \"TXT\",\n            \"ttl\":
        3600,\n            \"labels\": {},\n            \"protection\": {\n                \"change\":
        false\n            },\n            \"records\": [\n                {\n                    \"value\":
        \"\\\"challengetoken\\\"\",\n                    \"comment\": \"\"\n                }\n
        \           ],\n            \"zone\": 53091\n        },\n        {\n            \"id\":
        \"_acme-challenge.deleterecordinset/TXT\",\n            \"name\": \"_acme-challenge.deleterecordinset\",\n
        \           \"type\": \"TXT\",\n            \"ttl\": 3600,\n            \"labels\":
        {},\n            \"protection\": {\n                \"change\": false\n            },\n
        \           \"records\": [\n                {\n                    \"value\":
        \"\\\"challengetoken2\\\"\",\n                    \"comment\": \"\"\n                }\n
        \           ],\n            \"zone\": 53091\n        },\n        {\n            \"id\":
        \"ttl.fqdn/TXT\",\n            \"name\": \"ttl.fqdn\",\n            \"type\":
        \"TXT\",\n            \"ttl\": 3600,\n            \"labels\": {},\n            \"protection\":
        {\n                \"change\": false\n            },\n            \"records\":
        [\n                {\n                    \"value\": \"\\\"ttlshouldbe3600\\\"\",\n
        \                   \"comment\": \"\"\n                }\n            ],\n
        \           \"zone\": 53091\n        },\n        {\n            \"id\": \"_acme-challenge.listrecordset/TXT\",\n
        \           \"name\": \"_acme-challenge.listrecordset\",\n            \"type\":
        \"TXT\",\n            \"ttl\": 3600,\n            \"labels\": {},\n            \"protection\":
        {\n                \"change\": false\n            },\n            \"records\":
        [\n                {\n                    \"value\": \"\\\"challengetoken1\\\"\",\n
        \                   \"comment\": \"\"\n                },\n                {\n
        \                   \"value\": \"\\\"challengetoken2\\\"\",\n                    \"comment\":
        \"\"\n                }\n            ],\n            \"zone\": 53091\n        },\n
        \       {\n            \"id\": \"random.fqdntest/TXT\",\n            \"name\":
        \"random.fqdntest\",\n            \"type\": \"TXT\",\n            \"ttl\":
        3600,\n            \"labels\": {},\n            \"protection\": {\n                \"change\":
        false\n            },\n            \"records\": [\n                {\n                    \"value\":
        \"\\\"challengetoken\\\"\",\n                    \"comment\": \"\"\n                }\n
        \           ],\n            \"zone\": 53091\n        },\n        {\n            \"id\":
        \"random.fulltest/TXT\",\n            \"name\": \"random.fulltest\",\n            \"type\":
        \"TXT\",\n            \"ttl\": 3600,\n            \"labels\": {},\n            \"protection\":
        {\n                \"change\": false\n            },\n            \"records\":
        [\n                {\n                    \"value\": \"\\\"challengetoken\\\"\",\n
        \                   \"comment\": \"\"\n                }\n            ],\n
        \           \"zone\": 53091\n        },\n        {\n            \"id\": \"random.test/TXT\",\n
        \           \"name\": \"random.test\",\n            \"type\": \"TXT\",\n            \"ttl\":
        3600,\n            \"labels\": {},\n            \"protection\": {\n                \"change\":
        false\n            },\n            \"records\": [\n                {\n                    \"value\":
        \"\\\"challengetoken\\\"\",\n                    \"comment\": \"\"\n                }\n
        \           ],\n            \"zone\": 53091\n        },\n        {\n            \"id\":
        \"updated.test/TXT\",\n            \"name\": \"updated.test\",\n            \"type\":
        \"TXT\",\n            \"ttl\": 3600,\n            \"labels\": {},\n            \"protection\":
        {\n                \"change\": false\n            },\n            \"records\":
        [\n                {\n                    \"value\": \"\\\"challengetoken\\\"\",\n
        \                   \"comment\": \"\"\n                }\n            ],\n
        \           \"zone\": 53091\n        }\n    ]\n}"
    headers:
      Access-Control-Allow-Headers:
      - X-Requested-With,Authorization,Content-Type
      Access-Control-Allow-Methods:
      - OPTIONS,GET,POST,PUT,PATCH,DELETE
      Access-Control-Allow-Origin:
      - '*'
      Access-Control-Expose-Headers:
      - Link,X-Correlation-ID
      Access-Control-Max-Age:
      - '86400'
      Connection:
      - keep-alive
      Content-Type:
      - application/json
      Date:
      - Wed, 05 Nov 2025 10:04:01 GMT
      Link:
      - <https://api.hetzner.cloud/v1/zones/53091/rrsets?page=1&per_page=25>; rel="last"
      Strict-Transport-Security:
      - max-age=31536000; includeSubDomains
      Traceparent:
      - 00-6803cdf80d0f3c92560e57f972da0ceb-2d80a459c870aecc-01
      Transfer-Encoding:
      - chunked
      Uber-Trace-Id:
      - 6803cdf80d0f3c92560e57f972da0ceb:2d80a459c870aecc:0:1
      Vary:
      - Accept-Encoding
      X-Correlation-Id:
      - 6803cdf80d0f3c92560e57f972da0ceb
      content-length:
      - '9661'
      ratelimit-limit:
      - '3600'
      ratelimit-remaining:
      - '3529'
      ratelimit-reset:
      - '1762337112'
    status:
      code: 200
      message: OK
- request:
    body: '{"ttl": 3600, "records": [{"value": "\"challengetoken\""}]}'
    headers:
      Accept:
      - '*/*'
      Accept-Encoding:
      - gzip, deflate
      Connection:
      - keep-alive
      Content-Length:
      - '59'
      Content-Type:
      - application/json
      User-Agent:
      - python-requests/2.32.3
    method: POST
    uri: https://api.hetzner.cloud/v1/zones/53091/rrsets/orig.nameonly.test/TXT/actions/add_records
  response:
    body:
      string: "{\n    \"action\": {\n        \"id\": 590729811150000,\n        \"status\":
        \"running\",\n        \"command\": \"add_rrset_records\",\n        \"progress\":
        0,\n        \"started\": \"2025-11-05T10:04:01.191865Z\",\n        \"finished\":
        null,\n        \"error\": null,\n        \"resources\": [\n            {\n
        \               \"id\": 53091,\n                \"type\": \"zone\"\n            }\n
        \       ]\n    }\n}"
    headers:
      Access-Control-Allow-Headers:
      - X-Requested-With,Authorization,Content-Type
      Access-Control-Allow-Methods:
      - OPTIONS,GET,POST,PUT,PATCH,DELETE
      Access-Control-Allow-Origin:
      - '*'
      Access-Control-Expose-Headers:
      - Link,X-Correlation-ID
      Access-Control-Max-Age:
      - '86400'
      Connection:
      - keep-alive
      Content-Length:
      - '368'
      Content-Type:
      - application/json
      Date:
      - Wed, 05 Nov 2025 10:04:01 GMT
      Strict-Transport-Security:
      - max-age=31536000; includeSubDomains
      Traceparent:
      - 00-d835bc32ca78dfd91f2d48e65a5e3851-2059bd2676b5ad64-01
      Uber-Trace-Id:
      - d835bc32ca78dfd91f2d48e65a5e3851:2059bd2676b5ad64:0:1
      X-Correlation-Id:
      - d835bc32ca78dfd91f2d48e65a5e3851
      ratelimit-limit:
      - '7200'
      ratelimit-remaining:
      - '7173'
      ratelimit-reset:
      - '1762337054'
    status:
      code: 201
      message: Created
- request:
    body: '{"records": [{"value": "\"updated\""}]}'
    headers:
      Accept:
      - '*/*'
      Accept-Encoding:
      - gzip, deflate
      Connection:
      - keep-alive
      Content-Length:
      - '39'
      Content-Type:
      - application/json
      User-Agent:
      - python-requests/2.32.3
    method: POST
    uri: https://api.hetzner.cloud/v1/zones/53091/rrsets/orig.nameonly.test/TXT/actions/set_records
  response:
    body:
      string: "{\n    \"action\": {\n        \"id\": 590729811150001,\n        \"status\":
        \"running\",\n        \"command\": \"set_rrset_records\",\n        \"progress\":
        0,\n        \"started\": \"2025-11-05T10:04:01.287208Z\",\n        \"finished\":
        null,\n        \"error\": null,\n        \"resources\": [\n            {\n
        \               \"id\": 53091,\n                \"type\": \"zone\"\n            }\n
        \       ]\n    }\n}"
    headers:
      Access-Control-Allow-Headers:
      - X-Requested-With,Authorization,Content-Type
      Access-Control-Allow-Methods:
      - OPTIONS,GET,POST,PUT,PATCH,DELETE
      Access-Control-Allow-Origin:
      - '*'
      Access-Control-Expose-Headers:
      - Link,X-Correlation-ID
      Access-Control-Max-Age:
      - '86400'
      Connection:
      - keep-alive
      Content-Length:
      - '368'
      Content-Type:
      - application/json
      Date:
      - Wed, 05 Nov 2025 10:04:01 GMT
      Strict-Transport-Security:
      - max-age=31536000; includeSubDomains
      Traceparent:
      - 00-58faa8e64fbd548121a8597ed1d54f32-d3173ec213ab4944-01
      Uber-Trace-Id:
      - 58faa8e64fbd548121a8597ed1d54f32:d3173ec213ab4944:0:1
      X-Correlation-Id:
      - 58faa8e64fbd548121a8597ed1d54f32
      ratelimit-limit:
      - '7200'
      ratelimit-remaining:
      - '7172'
      ratelimit-reset:
      - '1762337055'
    status:
      code: 201
      message: Created
version: 1
